// Jest Snapshot v1, https://goo.gl/fbAQLP

exports[`dfs should find a path as expected 1`] = `[]`;
